\BOOKMARK [1][-]{section.1}{\376\377\0001\000\040\000C\000r\000i\000t\000e\000r\000i\000a\000s\000\040\000t\000o\000\040\000j\000u\000d\000g\000e\000\040\000I\000T\000\040\000l\000e\000g\000e\000n\000d\000s}{}% 1
\BOOKMARK [2][-]{subsection.1.1}{\376\377\0001\000.\0001\000\040\000C\000r\000i\000t\000e\000r\000i\000a\000\040\000\043\0001\000:\000\040\000S\000i\000m\000p\000l\000i\000c\000i\000t\000y}{section.1}% 2
\BOOKMARK [2][-]{subsection.1.2}{\376\377\0001\000.\0002\000\040\000C\000r\000i\000t\000e\000r\000i\000a\000\040\000\043\0002\000:\000\040\000A\000s\000\040\000l\000i\000t\000t\000l\000e\000\040\000d\000e\000p\000e\000n\000d\000e\000n\000c\000i\000e\000s\000\040\000a\000s\000\040\000p\000o\000s\000s\000i\000b\000l\000e}{section.1}% 3
\BOOKMARK [2][-]{subsection.1.3}{\376\377\0001\000.\0003\000\040\000C\000r\000i\000t\000e\000r\000i\000a\000\040\000\043\0003\000:\000\040\000A\000d\000a\000p\000t\000a\000b\000i\000l\000i\000t\000y}{section.1}% 4
\BOOKMARK [2][-]{subsection.1.4}{\376\377\0001\000.\0004\000\040\000C\000r\000i\000t\000e\000r\000i\000a\000\040\000\043\0004\000:\000\040\000S\000t\000i\000c\000k\000\040\000t\000o\000\040\000s\000t\000a\000n\000d\000a\000r\000d\000s\000,\000\040\000i\000n\000\040\000p\000a\000r\000t\000i\000c\000u\000l\000a\000r\000\040\000i\000n\000\040\000p\000r\000o\000g\000r\000a\000m\000m\000i\000n\000g\000\040\000l\000a\000n\000g\000u\000a\000g\000e\000s}{section.1}% 5
\BOOKMARK [2][-]{subsection.1.5}{\376\377\0001\000.\0005\000\040\000C\000r\000i\000t\000e\000r\000i\000a\000\040\000\043\0005\000:\000\040\000E\000c\000o\000n\000o\000m\000i\000c\000s\000\040\000m\000a\000t\000t\000e\000r}{section.1}% 6
\BOOKMARK [1][-]{section.2}{\376\377\0002\000\040\000L\000e\000g\000e\000n\000d\000s\000\040\000o\000f\000\040\000I\000T}{}% 7
\BOOKMARK [2][-]{subsection.2.1}{\376\377\0002\000.\0001\000\040\000R\000e\000p\000r\000e\000s\000e\000n\000t\000i\000n\000g\000\040\000a\000\040\000b\000u\000s\000i\000n\000e\000s\000s\000\040\000d\000o\000m\000a\000i\000n}{section.2}% 8
\BOOKMARK [2][-]{subsection.2.2}{\376\377\0002\000.\0002\000\040\000L\000e\000g\000e\000n\000d\000\040\000\043\0001\000:\000\040\000D\000a\000t\000a\000\040\000a\000r\000e\000\040\000a\000b\000s\000o\000l\000u\000t\000e}{section.2}% 9
\BOOKMARK [2][-]{subsection.2.3}{\376\377\0002\000.\0003\000\040\000L\000e\000g\000e\000n\000d\000\040\000\043\0002\000:\000\040\000F\000o\000r\000\040\000a\000\040\000c\000e\000r\000t\000a\000i\000n\000\040\000p\000r\000o\000b\000l\000e\000m\000,\000\040\000t\000h\000e\000r\000e\000\040\000i\000s\000\040\000o\000n\000l\000y\000\040\000o\000n\000e\000\040\000c\000o\000d\000e\000\040\000d\000e\000s\000i\000g\000n}{section.2}% 10
\BOOKMARK [3][-]{subsubsection.2.3.1}{\376\377\0002\000.\0003\000.\0001\000\040\000W\000i\000l\000l\000\040\000d\000e\000s\000i\000g\000n\000\040\000p\000a\000t\000t\000e\000r\000n\000s\000\040\000h\000e\000l\000p\000?}{subsection.2.3}% 11
\BOOKMARK [3][-]{subsubsection.2.3.2}{\376\377\0002\000.\0003\000.\0002\000\040\000T\000h\000e\000\040\000c\000o\000n\000s\000e\000q\000u\000e\000n\000c\000e\000s\000\040\000o\000f\000\040\000h\000a\000v\000i\000n\000g\000\040\000d\000i\000f\000f\000e\000r\000e\000n\000t\000\040\000d\000e\000s\000i\000g\000n\000s\000\040\000a\000n\000s\000w\000e\000r\000i\000n\000g\000\040\000t\000o\000\040\000t\000h\000e\000\040\000s\000a\000m\000e\000\040\000p\000r\000o\000b\000l\000e\000m}{subsection.2.3}% 12
\BOOKMARK [3][-]{subsubsection.2.3.3}{\376\377\0002\000.\0003\000.\0003\000\040\000D\000o\000c\000u\000m\000e\000n\000t\000\040\000t\000h\000e\000\040\000d\000e\000s\000i\000g\000n\000\040\000a\000n\000d\000\040\000d\000e\000s\000i\000g\000n\000\040\000h\000y\000p\000o\000t\000h\000e\000s\000i\000s}{subsection.2.3}% 13
\BOOKMARK [2][-]{subsection.2.4}{\376\377\0002\000.\0004\000\040\000L\000e\000g\000e\000n\000d\000\040\000\043\0003\000:\000\040\000R\000e\000u\000s\000a\000b\000i\000l\000i\000t\000y\000\040\000i\000s\000\040\000g\000o\000o\000d}{section.2}% 14
\BOOKMARK [3][-]{subsubsection.2.4.1}{\376\377\0002\000.\0004\000.\0001\000\040\000R\000e\000u\000s\000i\000n\000g\000\040\000o\000u\000r\000\040\000c\000r\000e\000a\000t\000i\000o\000n\000s}{subsection.2.4}% 15
\BOOKMARK [3][-]{subsubsection.2.4.2}{\376\377\0002\000.\0004\000.\0002\000\040\000R\000e\000u\000s\000a\000b\000i\000l\000i\000t\000y\000\040\000s\000t\000a\000r\000t\000s\000\040\000a\000t\000\040\0003}{subsection.2.4}% 16
\BOOKMARK [3][-]{subsubsection.2.4.3}{\376\377\0002\000.\0004\000.\0003\000\040\000T\000h\000e\000\040\000b\000u\000s\000i\000n\000e\000s\000s\000\040\000s\000e\000m\000a\000n\000t\000i\000c\000s\000\040\000a\000r\000e\000\040\000n\000o\000t\000\040\000r\000e\000u\000s\000a\000b\000l\000e}{subsection.2.4}% 17
\BOOKMARK [3][-]{subsubsection.2.4.4}{\376\377\0002\000.\0004\000.\0004\000\040\000R\000e\000u\000s\000i\000n\000g\000\040\000g\000i\000g\000a\000-\000f\000r\000a\000m\000e\000w\000o\000r\000k\000s}{subsection.2.4}% 18
\BOOKMARK [3][-]{subsubsection.2.4.5}{\376\377\0002\000.\0004\000.\0005\000\040\000R\000e\000u\000s\000i\000n\000g\000\040\000i\000s\000\040\000m\000a\000k\000i\000n\000g\000\040\000t\000h\000e\000\040\000a\000p\000p\000l\000i\000c\000a\000t\000i\000o\000n\000\040\000c\000h\000e\000a\000p\000e\000r}{subsection.2.4}% 19
\BOOKMARK [3][-]{subsubsection.2.4.6}{\376\377\0002\000.\0004\000.\0006\000\040\000C\000o\000n\000c\000l\000u\000s\000i\000o\000n\000\040\000a\000b\000o\000u\000t\000\040\000r\000e\000u\000s\000a\000b\000i\000l\000i\000t\000y}{subsection.2.4}% 20
\BOOKMARK [2][-]{subsection.2.5}{\376\377\0002\000.\0005\000\040\000L\000e\000g\000e\000n\000d\000\040\000\043\0004\000:\000\040\000W\000e\000\040\000s\000h\000o\000u\000l\000d\000\040\000u\000s\000e\000\040\000t\000h\000i\000s\000\040\000f\000r\000a\000m\000e\000w\000o\000r\000k\000\040\000b\000e\000c\000a\000u\000s\000e\000\040\000e\000v\000e\000r\000y\000o\000n\000e\000\040\000u\000s\000e\000s\000\040\000i\000t}{section.2}% 21
\BOOKMARK [2][-]{subsection.2.6}{\376\377\0002\000.\0006\000\040\000L\000e\000g\000e\000n\000d\000\040\000\043\0005\000:\000\040\000W\000e\000\040\000a\000r\000e\000\040\000i\000n\000\040\000a\000\040\000d\000i\000g\000i\000t\000a\000l\000\040\000w\000o\000r\000l\000d\000\040\000w\000i\000t\000h\000\040\000r\000e\000l\000i\000a\000b\000l\000e\000\040\000d\000a\000t\000a}{section.2}% 22
\BOOKMARK [3][-]{subsubsection.2.6.1}{\376\377\0002\000.\0006\000.\0001\000\040\000D\000e\000n\000i\000a\000l\000\040\000o\000r\000\040\000a\000c\000c\000e\000p\000t\000a\000t\000i\000o\000n}{subsection.2.6}% 23
\BOOKMARK [3][-]{subsubsection.2.6.2}{\376\377\0002\000.\0006\000.\0002\000\040\000T\000h\000e\000\040\000`\000`\000f\000a\000\347\000a\000d\000e\000'\000'\000\040\000p\000a\000t\000t\000e\000r\000n}{subsection.2.6}% 24
\BOOKMARK [3][-]{subsubsection.2.6.3}{\376\377\0002\000.\0006\000.\0003\000\040\000N\000e\000v\000e\000r\000\040\000m\000i\000x\000\040\000c\000o\000n\000c\000e\000r\000n\000s}{subsection.2.6}% 25
\BOOKMARK [2][-]{subsection.2.7}{\376\377\0002\000.\0007\000\040\000L\000e\000g\000e\000n\000d\000\040\000\043\0006\000:\000\040\000W\000e\000\040\000c\000a\000n\000\040\000r\000e\000p\000l\000a\000c\000e\000\040\000i\000n\000t\000e\000r\000f\000a\000c\000e\000s\000\040\000b\000y\000\040\000s\000h\000a\000r\000i\000n\000g\000\040\000t\000a\000b\000l\000e\000s\000\040\000i\000n\000\040\000a\000\040\000d\000a\000t\000a\000b\000a\000s\000e}{section.2}% 26
\BOOKMARK [2][-]{subsection.2.8}{\376\377\0002\000.\0008\000\040\000L\000e\000g\000e\000n\000d\000\040\000\043\0007\000:\000\040\000W\000e\000\040\000h\000a\000v\000e\000\040\000g\000r\000e\000a\000t\000\040\000t\000o\000o\000l\000s\000\040\000t\000o\000\040\000d\000e\000v\000e\000l\000o\000p\000\040\000a\000p\000p\000l\000i\000c\000a\000t\000i\000o\000n\000s}{section.2}% 27
\BOOKMARK [1][-]{section.3}{\376\377\0003\000\040\000W\000e\000\040\000a\000r\000e\000\040\000a\000t\000\040\000t\000h\000e\000\040\000b\000e\000g\000i\000n\000n\000i\000n\000g\000\040\000o\000f\000\040\000t\000h\000e\000\040\000s\000t\000o\000r\000y\000\040\000o\000f\000\040\000I\000T}{}% 28
\BOOKMARK [1][-]{section.4}{\376\377\0004\000\040\000A\000n\000n\000e\000x\000\040\0001\000:\000\040\000T\000h\000e\000\040\000m\000e\000s\000s\000a\000g\000e\000\040\000o\000f\000\040\000P\000L\000M\000\040\000v\000e\000n\000d\000o\000r\000s\000,\000\040\000a\000\040\000l\000e\000g\000e\000n\000d\000\040\000r\000o\000o\000t\000e\000d\000\040\000i\000n\000\040\000t\000h\000e\000\040\000p\000a\000s\000t}{}% 29
\BOOKMARK [2][-]{subsection.4.1}{\376\377\0004\000.\0001\000\040\000A\000\040\000l\000e\000g\000e\000n\000d\000\040\000s\000h\000a\000r\000e\000d\000\040\000b\000e\000t\000w\000e\000e\000n\000\040\000P\000L\000M\000\040\000s\000o\000f\000t\000w\000a\000r\000e\000\040\000c\000o\000m\000p\000a\000n\000i\000e\000s}{section.4}% 30
\BOOKMARK [2][-]{subsection.4.2}{\376\377\0004\000.\0002\000\040\000T\000h\000e\000\040\000P\000L\000M\000,\000\040\000a\000\040\000s\000o\000f\000t\000w\000a\000r\000e\000\040\000c\000o\000m\000i\000n\000g\000\040\000f\000r\000o\000m\000\040\000o\000l\000d\000e\000r\000\040\000c\000o\000l\000l\000a\000b\000o\000r\000a\000t\000i\000o\000n\000\040\000s\000o\000f\000t\000w\000a\000r\000e}{section.4}% 31
\BOOKMARK [2][-]{subsection.4.3}{\376\377\0004\000.\0003\000\040\000T\000h\000e\000\040\000P\000L\000M\000\040\000c\000h\000a\000n\000g\000e\000s\000\040\000e\000v\000e\000r\000y\000t\000h\000i\000n\000g}{section.4}% 32
\BOOKMARK [2][-]{subsection.4.4}{\376\377\0004\000.\0004\000\040\0003\000\040\000m\000o\000d\000e\000l\000s\000\040\000f\000o\000r\000\040\0003\000\040\000s\000e\000m\000a\000n\000t\000i\000c\000\040\000b\000u\000s\000i\000n\000e\000s\000s\000e\000s}{section.4}% 33
\BOOKMARK [2][-]{subsection.4.5}{\376\377\0004\000.\0005\000\040\000W\000h\000a\000t\000\040\000a\000r\000e\000\040\000t\000h\000e\000\040\000b\000u\000s\000i\000n\000e\000s\000s\000\040\000s\000e\000m\000a\000n\000t\000i\000c\000\040\000d\000o\000m\000a\000i\000n\000s\000?}{section.4}% 34
\BOOKMARK [2][-]{subsection.4.6}{\376\377\0004\000.\0006\000\040\000A\000\040\000l\000e\000g\000e\000n\000d\000\040\000g\000r\000o\000u\000n\000d\000e\000d\000\040\000i\000n\000\040\000p\000a\000s\000t\000\040\000s\000o\000f\000t\000w\000a\000r\000e}{section.4}% 35
